<?xml version="1.0" encoding="UTF-8"?>
<testsuites name="jest tests" tests="7" failures="0" errors="0" time="2.333">
  <testsuite name="undefined" errors="0" failures="0" skipped="0" timestamp="2023-03-22T21:48:37" time="2.225" tests="7">
    <testcase classname=" should retrieve by steam appid" name=" should retrieve by steam appid" time="0.021">
    </testcase>
    <testcase classname=" should retrieve by game id" name=" should retrieve by game id" time="0.025">
    </testcase>
    <testcase classname=" should be searchable" name=" should be searchable" time="0.03">
    </testcase>
    <testcase classname=" should retrieve by steam appid" name=" should retrieve by steam appid" time="0.031">
    </testcase>
    <testcase classname=" should be filterable for style" name=" should be filterable for style" time="0.03">
    </testcase>
    <testcase classname=" should be filterable for nsfw" name=" should be filterable for nsfw" time="0.03">
    </testcase>
    <testcase classname=" should be deletable" name=" should be deletable" time="0.03">
    </testcase>
  </testsuite>
</testsuites>